TCExpected { globals = [("x", BVType 32)]
         }
