TCExpected { globals = [ ("f", FloatType)
                     , ("d", DoubleType)
                     ]
         }
