TCExpected { globals = [("global_float", FloatType)]
         }
