Expected { globals = [ ("global_long", BVType 64)
                     ]
         }
