Expected { globals = [("global_double", DoubleType)]
         }
