TCExpected { globals = [("global_int", BVType 32)]
         }
