TCExpected { globals = [ ("l1", BVType 64)
                     , ("l2", BVType 64)
                     , ("l3", BVType 64)
                     ]
         }
