[Located {sourceRange = SourceRange {sourceFrom = SourcePos {sourceIndex = 0, sourceLine = 1, sourceColumn = 1, sourceFile = "tests/parse/implicit-int.d"}, sourceTo = SourcePos {sourceIndex = 40, sourceLine = 3, sourceColumn = 1, sourceFile = "tests/parse/implicit-int.d"}}, value = TopProbe (Located {sourceRange = SourceRange {sourceFrom = SourcePos {sourceIndex = 0, sourceLine = 1, sourceColumn = 1, sourceFile = "tests/parse/implicit-int.d"}, sourceTo = SourcePos {sourceIndex = 40, sourceLine = 3, sourceColumn = 1, sourceFile = "tests/parse/implicit-int.d"}}, value = Probe {probePatterns = Located {sourceRange = SourceRange {sourceFrom = SourcePos {sourceIndex = 0, sourceLine = 1, sourceColumn = 1, sourceFile = "tests/parse/implicit-int.d"}, sourceTo = SourcePos {sourceIndex = 18, sourceLine = 1, sourceColumn = 19, sourceFile = "tests/parse/implicit-int.d"}}, value = ProbeDescription {probeProvider = "proc", probeModule = "", probeFunction = "", probeName = "exec_success"}} :| [], probeBody = [Located {sourceRange = SourceRange {sourceFrom = SourcePos {sourceIndex = 24, sourceLine = 2, sourceColumn = 3, sourceFile = "tests/parse/implicit-int.d"}, sourceTo = SourcePos {sourceIndex = 37, sourceLine = 2, sourceColumn = 16, sourceFile = "tests/parse/implicit-int.d"}}, value = ExprStmt (Located {sourceRange = SourceRange {sourceFrom = SourcePos {sourceIndex = 24, sourceLine = 2, sourceColumn = 3, sourceFile = "tests/parse/implicit-int.d"}, sourceTo = SourcePos {sourceIndex = 37, sourceLine = 2, sourceColumn = 16, sourceFile = "tests/parse/implicit-int.d"}}, value = Expr {exprApp = Assign (Located {sourceRange = SourceRange {sourceFrom = SourcePos {sourceIndex = 24, sourceLine = 2, sourceColumn = 3, sourceFile = "tests/parse/implicit-int.d"}, sourceTo = SourcePos {sourceIndex = 33, sourceLine = 2, sourceColumn = 12, sourceFile = "tests/parse/implicit-int.d"}}, value = Expr {exprApp = VarRef "global_int"}}) (Located {sourceRange = SourceRange {sourceFrom = SourcePos {sourceIndex = 37, sourceLine = 2, sourceColumn = 16, sourceFile = "tests/parse/implicit-int.d"}, sourceTo = SourcePos {sourceIndex = 37, sourceLine = 2, sourceColumn = 16, sourceFile = "tests/parse/implicit-int.d"}}, value = Expr {exprApp = LitInt Decimal 0}})}})}]}})}]
